// Jest Snapshot v1, https://goo.gl/fbAQLP

exports[`City should match the snapshot if data is passed down 1`] = `
<div
  className="card"
>
  <h2
    className="name"
  />
  <h3>
    Temperature: 
    NaN
     F
  </h3>
  <h3
    className="humidity"
  >
    Relative Humidity: 
     %
  </h3>
  <h3>
    Description: 
  </h3>
  <h3>
    Cloud Coverage: 
     %
  </h3>
  <h3>
    Sunrise: 
  </h3>
  <h3>
    Sunset: 
  </h3>
  <Link
    className="link-return"
    to="/search"
  >
    Search Again
  </Link>
</div>
`;

exports[`City should match the snapshot if there is no data 1`] = `
<div
  className="card"
>
  <h3
    className="name"
  >
    Loading
  </h3>
  <h3
    classNam="name"
  >
    Please wait
  </h3>
</div>
`;
