// Jest Snapshot v1, https://goo.gl/fbAQLP

exports[`Welcome should match the snapshot 1`] = `
<div
  className="welcome"
>
  <div
    className="welcome-text"
  >
    <h2
      className="welcome-msg"
    >
      Thank you for choosing ForeCast!
    </h2>
    <h3>
      Your daily weather is just a few clicks away!
    </h3>
    <NavLink
      className="link"
      to="/search"
    >
      Search By City
    </NavLink>
  </div>
</div>
`;
