// Jest Snapshot v1, https://goo.gl/fbAQLP

exports[`searchForm should match the snapshot 1`] = `
ShallowWrapper {
  Symbol(enzyme.__root__): [Circular],
  Symbol(enzyme.__unrendered__): <SearchForm
    getCityWeather={[Function]}
  />,
  Symbol(enzyme.__renderer__): Object {
    "batchedUpdates": [Function],
    "checkPropTypes": [Function],
    "getNode": [Function],
    "render": [Function],
    "simulateError": [Function],
    "simulateEvent": [Function],
    "unmount": [Function],
  },
  Symbol(enzyme.__node__): Object {
    "instance": null,
    "key": undefined,
    "nodeType": "host",
    "props": Object {
      "children": <div
        className="search-box"
      >
        <input
          className="input"
          name="searchInfo"
          onChange={[Function]}
          placeholder="Search any US city"
          value=""
        />
        <Link
          className="submit-btn"
          onClick={[Function]}
          to="/cities/"
        >
          Get Current Weather
        </Link>
      </div>,
      "className": "search",
    },
    "ref": null,
    "rendered": Object {
      "instance": null,
      "key": undefined,
      "nodeType": "host",
      "props": Object {
        "children": Array [
          <input
            className="input"
            name="searchInfo"
            onChange={[Function]}
            placeholder="Search any US city"
            value=""
          />,
          <Link
            className="submit-btn"
            onClick={[Function]}
            to="/cities/"
          >
            Get Current Weather
          </Link>,
        ],
        "className": "search-box",
      },
      "ref": null,
      "rendered": Array [
        Object {
          "instance": null,
          "key": undefined,
          "nodeType": "host",
          "props": Object {
            "className": "input",
            "name": "searchInfo",
            "onChange": [Function],
            "placeholder": "Search any US city",
            "value": "",
          },
          "ref": null,
          "rendered": null,
          "type": "input",
        },
        Object {
          "instance": null,
          "key": undefined,
          "nodeType": "class",
          "props": Object {
            "children": "Get Current Weather",
            "className": "submit-btn",
            "onClick": [Function],
            "to": "/cities/",
          },
          "ref": null,
          "rendered": "Get Current Weather",
          "type": [Function],
        },
      ],
      "type": "div",
    },
    "type": "form",
  },
  Symbol(enzyme.__nodes__): Array [
    Object {
      "instance": null,
      "key": undefined,
      "nodeType": "host",
      "props": Object {
        "children": <div
          className="search-box"
        >
          <input
            className="input"
            name="searchInfo"
            onChange={[Function]}
            placeholder="Search any US city"
            value=""
          />
          <Link
            className="submit-btn"
            onClick={[Function]}
            to="/cities/"
          >
            Get Current Weather
          </Link>
        </div>,
        "className": "search",
      },
      "ref": null,
      "rendered": Object {
        "instance": null,
        "key": undefined,
        "nodeType": "host",
        "props": Object {
          "children": Array [
            <input
              className="input"
              name="searchInfo"
              onChange={[Function]}
              placeholder="Search any US city"
              value=""
            />,
            <Link
              className="submit-btn"
              onClick={[Function]}
              to="/cities/"
            >
              Get Current Weather
            </Link>,
          ],
          "className": "search-box",
        },
        "ref": null,
        "rendered": Array [
          Object {
            "instance": null,
            "key": undefined,
            "nodeType": "host",
            "props": Object {
              "className": "input",
              "name": "searchInfo",
              "onChange": [Function],
              "placeholder": "Search any US city",
              "value": "",
            },
            "ref": null,
            "rendered": null,
            "type": "input",
          },
          Object {
            "instance": null,
            "key": undefined,
            "nodeType": "class",
            "props": Object {
              "children": "Get Current Weather",
              "className": "submit-btn",
              "onClick": [Function],
              "to": "/cities/",
            },
            "ref": null,
            "rendered": "Get Current Weather",
            "type": [Function],
          },
        ],
        "type": "div",
      },
      "type": "form",
    },
  ],
  Symbol(enzyme.__options__): Object {
    "adapter": ReactSixteenAdapter {
      "options": Object {
        "enableComponentDidUpdateOnSetState": true,
        "legacyContextMode": "parent",
        "lifecycles": Object {
          "componentDidUpdate": Object {
            "onSetState": true,
          },
          "getChildContext": Object {
            "calledByRenderer": false,
          },
          "getDerivedStateFromError": true,
          "getDerivedStateFromProps": Object {
            "hasShouldComponentUpdateBug": false,
          },
          "getSnapshotBeforeUpdate": true,
          "setState": Object {
            "skipsComponentDidUpdateOnNullish": true,
          },
        },
      },
    },
  },
  Symbol(enzyme.__childContext__): null,
}
`;
