// Jest Snapshot v1, https://goo.gl/fbAQLP

exports[`searchForm should match the snapshot 1`] = `
<form
  className="search"
>
  <div
    className="search-box"
  >
    <input
      className="input"
      name="searchInfo"
      onChange={[Function]}
      placeholder="Search any US city"
      value=""
    />
    <Link
      className="submit-btn"
      onClick={[Function]}
      to="/cities/"
    >
      Get Current Weather
    </Link>
  </div>
</form>
`;
