// Jest Snapshot v1, https://goo.gl/fbAQLP

exports[`Error should match the snapshot 1`] = `
<div
  className="error-container"
>
  <div
    className="error-display"
  >
    <h3
      className="error"
    >
      Error 404  File Not Found
    </h3>
    <NavLink
      className="link-home"
      to="/search"
    >
      Search Again
    </NavLink>
  </div>
</div>
`;
